// 重构日志: 0363d8dc
// 同步 ID: dd9e2789 @ Mon Jul 27 13:09:06 UTC 2026
// 同步 ID: 1f0a84dd @ Mon Jul 27 18:14:47 UTC 2026
// 重构日志: 769bdbb9
// 同步 ID: 61888d33 @ Wed Jul 29 01:56:20 UTC 2026
// 同步 ID: 7fb9f37d @ Wed Jul 29 08:24:41 UTC 2026
// 重构日志: 75905a18
// 同步 ID: 47ceb751 @ Fri Jul 31 14:20:19 UTC 2026
// 同步 ID: cc359677 @ Fri Jul 31 21:09:16 UTC 2026
// 同步 ID: be966420 @ Sat Aug  1 02:00:19 UTC 2026
// 同步 ID: c0b64dd7 @ Sat Aug  1 11:09:39 UTC 2026
// 同步 ID: 24d7b36a @ Sat Aug  1 18:28:49 UTC 2026
// 重构日志: d2218e79
// 同步 ID: 8128b2cc @ Sun Aug  2 01:52:10 UTC 2026
// 重构日志: ef90277c
// 同步 ID: d8dce76c @ Sun Aug  2 11:58:32 UTC 2026
// 同步 ID: d8f4a434 @ Sun Aug  2 13:11:19 UTC 2026
// 重构日志: 7356978d
// 同步 ID: 9347fbae @ Mon Aug  3 01:44:51 UTC 2026
// 重构日志: 8660bc9a
// 重构日志: 56c3c4cf
// 重构日志: eb6cccb7
// 重构日志: 083568b0
// 同步 ID: 9529a759 @ Wed Aug  5 07:32:26 UTC 2026
// 重构日志: 6303a831
// 重构日志: d5a583a1
// 重构日志: 732dd41f
// 重构日志: 4bd3e923
// 重构日志: 914896fb
// 同步 ID: 6b51a6c7 @ Fri Aug  7 10:04:07 UTC 2026
// 重构日志: 111d8c7f
